// Jest Snapshot v1, https://goo.gl/fbAQLP

exports[`LicenseInfo should render correctly 1`] = `
<div
  className="mt-2"
>
  <Row
    tag="div"
  >
    <Col
      tag="div"
      widths={
        Array [
          "xs",
          "sm",
          "md",
          "lg",
          "xl",
        ]
      }
      xs={12}
    >
      <h2
        className="text-center"
      />
    </Col>
  </Row>
  <div
    className="fee-card mt-3 py-3 text-center rounded font-weight-bold"
  >
    <br />
  </div>
  <div
    className="stake-card mt-3 py-3 text-center rounded font-weight-bold"
  >
    <br />
  </div>
</div>
`;
