// Jest Snapshot v1, https://goo.gl/fbAQLP

exports[`SellerPaymentMethod should render correctly 1`] = `
<Fragment>
  <h2
    className="mb-4"
  >
    Payment methods that you want to accept
  </h2>
  <span
    className="text-muted text-small"
  >
    Popular
  </span>
  <ButtonGroup
    className="w-100"
    role="group"
    tag="div"
    vertical={true}
  >
    <CheckButton
      active={false}
      align="right"
      isCheckBox={true}
      key="method-1"
      onClick={[Function]}
    >
      Bank transfer
    </CheckButton>
    <CheckButton
      active={false}
      align="right"
      isCheckBox={true}
      key="method-2"
      onClick={[Function]}
    >
      Cash (in person)
    </CheckButton>
    <CheckButton
      active={false}
      align="right"
      isCheckBox={true}
      key="method-3"
      onClick={[Function]}
    >
      Cash (deposit)
    </CheckButton>
  </ButtonGroup>
  <span
    className="text-muted text-small mt-3"
  >
    All payment methods (A-Z)
  </span>
  <ButtonGroup
    className="w-100"
    role="group"
    tag="div"
    vertical={true}
  >
    <CheckButton
      active={false}
      align="right"
      isCheckBox={true}
      key="method-4"
      onClick={[Function]}
    >
      AdvCash
    </CheckButton>
    <CheckButton
      active={false}
      align="right"
      isCheckBox={true}
      key="method-5"
      onClick={[Function]}
    >
      Alfa cash-in
    </CheckButton>
    <CheckButton
      active={false}
      align="right"
      isCheckBox={true}
      key="method-6"
      onClick={[Function]}
    >
      Alipay
    </CheckButton>
    <CheckButton
      active={false}
      align="right"
      isCheckBox={true}
      key="method-7"
      onClick={[Function]}
    >
      Cardless cash
    </CheckButton>
    <CheckButton
      active={false}
      align="right"
      isCheckBox={true}
      key="method-8"
      onClick={[Function]}
    >
      Efecty
    </CheckButton>
    <CheckButton
      active={false}
      align="right"
      isCheckBox={true}
      key="method-9"
      onClick={[Function]}
    >
      Gift card
    </CheckButton>
    <CheckButton
      active={false}
      align="right"
      isCheckBox={true}
      key="method-10"
      onClick={[Function]}
    >
      IMPS
    </CheckButton>
    <CheckButton
      active={false}
      align="right"
      isCheckBox={true}
      key="method-11"
      onClick={[Function]}
    >
      Interac e-Transfer
    </CheckButton>
    <CheckButton
      active={false}
      align="right"
      isCheckBox={true}
      key="method-12"
      onClick={[Function]}
    >
      International wire
    </CheckButton>
    <CheckButton
      active={false}
      align="right"
      isCheckBox={true}
      key="method-13"
      onClick={[Function]}
    >
      M-PESA
    </CheckButton>
    <CheckButton
      active={false}
      align="right"
      isCheckBox={true}
      key="method-14"
      onClick={[Function]}
    >
      Mercado Pago
    </CheckButton>
    <CheckButton
      active={false}
      align="right"
      isCheckBox={true}
      key="method-15"
      onClick={[Function]}
    >
      MoneyGram
    </CheckButton>
    <CheckButton
      active={false}
      align="right"
      isCheckBox={true}
      key="method-16"
      onClick={[Function]}
    >
      PAYEER
    </CheckButton>
    <CheckButton
      active={false}
      align="right"
      isCheckBox={true}
      key="method-17"
      onClick={[Function]}
    >
      PayNow
    </CheckButton>
    <CheckButton
      active={false}
      align="right"
      isCheckBox={true}
      key="method-18"
      onClick={[Function]}
    >
      PayPal
    </CheckButton>
    <CheckButton
      active={false}
      align="right"
      isCheckBox={true}
      key="method-19"
      onClick={[Function]}
    >
      PayTM
    </CheckButton>
    <CheckButton
      active={false}
      align="right"
      isCheckBox={true}
      key="method-20"
      onClick={[Function]}
    >
      Pingit
    </CheckButton>
    <CheckButton
      active={false}
      align="right"
      isCheckBox={true}
      key="method-21"
      onClick={[Function]}
    >
      QIWI
    </CheckButton>
    <CheckButton
      active={false}
      align="right"
      isCheckBox={true}
      key="method-22"
      onClick={[Function]}
    >
      SEPA transfer
    </CheckButton>
    <CheckButton
      active={false}
      align="right"
      isCheckBox={true}
      key="method-23"
      onClick={[Function]}
    >
      Skrill
    </CheckButton>
    <CheckButton
      active={false}
      align="right"
      isCheckBox={true}
      key="method-24"
      onClick={[Function]}
    >
      Swish
    </CheckButton>
    <CheckButton
      active={false}
      align="right"
      isCheckBox={true}
      key="method-25"
      onClick={[Function]}
    >
      TransferWise
    </CheckButton>
    <CheckButton
      active={false}
      align="right"
      isCheckBox={true}
      key="method-26"
      onClick={[Function]}
    >
      UPI
    </CheckButton>
    <CheckButton
      active={false}
      align="right"
      isCheckBox={true}
      key="method-27"
      onClick={[Function]}
    >
      Venmo
    </CheckButton>
    <CheckButton
      active={false}
      align="right"
      isCheckBox={true}
      key="method-28"
      onClick={[Function]}
    >
      WebMoney
    </CheckButton>
    <CheckButton
      active={false}
      align="right"
      isCheckBox={true}
      key="method-29"
      onClick={[Function]}
    >
      WeChat Pay
    </CheckButton>
    <CheckButton
      active={false}
      align="right"
      isCheckBox={true}
      key="method-30"
      onClick={[Function]}
    >
      Western Union
    </CheckButton>
    <CheckButton
      active={false}
      align="right"
      isCheckBox={true}
      key="method-31"
      onClick={[Function]}
    >
      Yandex.Money
    </CheckButton>
    <CheckButton
      active={false}
      align="right"
      isCheckBox={true}
      key="method-99999"
      onClick={[Function]}
    >
      Other
    </CheckButton>
  </ButtonGroup>
  <p
    className="text-muted"
  >
    Select one or more payment method to move to the next page
  </p>
</Fragment>
`;
