// Jest Snapshot v1, https://goo.gl/fbAQLP

exports[`Reputation should render correctly 1`] = `
<span
  className="reputation-container"
>
  <span
    className="left-rating"
  >
    1
     
    <RatingIcon
      isPositiveRating={true}
      onClick={null}
      size="sm"
    />
  </span>
  <span
    className="right-rating"
  >
    2
     
    <RatingIcon
      isPositiveRating={false}
      onClick={null}
      size="sm"
    />
  </span>
</span>
`;
