// Jest Snapshot v1, https://goo.gl/fbAQLP

exports[`SellerPosition should render correctly 1`] = `
<Fragment>
  <h2>
    What location do you want to display
  </h2>
  <Form
    onSubmit={[Function]}
    tag="form"
  >
    <FormGroup
      tag="div"
    >
      <Label
        className="text-small mt-3 mb-0"
        tag="label"
        widths={
          Array [
            "xs",
            "sm",
            "md",
            "lg",
            "xl",
          ]
        }
      >
        Location
      </Label>
      <Input
        id="location"
        name="location"
        onChange={[Function]}
        placeholder="Enter location"
        type="text"
        value=""
      />
      <FormGroup
        check={true}
        className="mt-3"
        tag="div"
      >
        <Label
          check={true}
          tag="label"
          widths={
            Array [
              "xs",
              "sm",
              "md",
              "lg",
              "xl",
            ]
          }
        >
          <Input
            onClick={[Function]}
            type="checkbox"
          />
          Hide location
        </Label>
      </FormGroup>
    </FormGroup>
  </Form>
</Fragment>
`;
