// Jest Snapshot v1, https://goo.gl/fbAQLP

exports[`YourSNTBalance should render correctly 1`] = `
<Fragment>
  <h3 />
  <p
    className="border rounded p-3"
  >
    <span
      className="h3 font-weight-normal"
    >
      <img
        alt="SNT icon"
        className="mr-2"
        src="test-file-stub"
      />
      10
       SNT
    </span>
  </p>
</Fragment>
`;
