// Jest Snapshot v1, https://goo.gl/fbAQLP

exports[`Trades should render correctly 1`] = `
<span
  className="reputation-container"
>
  <span
    className="left-rating bg-secondary"
  >
    1
     
    <RatingIcon
      isPositiveRating={true}
    />
  </span>
  <span
    className="right-rating bg-secondary"
  >
    2
     
    <RatingIcon
      isPositiveRating={false}
    />
  </span>
</span>
`;
