// Jest Snapshot v1, https://goo.gl/fbAQLP

exports[`LicenseInfo should render correctly 1`] = `
<div
  className="mt-5 mb-5"
>
  <Row
    tag="div"
  >
    <Col
      tag="div"
      widths={
        Array [
          "xs",
          "sm",
          "md",
          "lg",
          "xl",
        ]
      }
      xs={12}
    >
      <h2
        className="text-center"
      />
    </Col>
  </Row>
  <Card
    className="mt-5 py-4"
    color="primary"
    tag="div"
  >
    <CardBody
      className="text-center"
      tag="div"
    />
  </Card>
  <Card
    className="mt-5 py-4"
    color="primary"
    tag="div"
  >
    <CardBody
      className="text-center"
      tag="div"
    />
  </Card>
</div>
`;
