// Jest Snapshot v1, https://goo.gl/fbAQLP

exports[`License should render correctly 1`] = `
<div
  className="home"
>
  <Row
    className="home-headline"
    tag="div"
  >
    <Col
      tag="div"
      widths={
        Array [
          "xs",
          "sm",
          "md",
          "lg",
          "xl",
        ]
      }
      xs={12}
    >
      <h1
        className="text-center"
      />
    </Col>
  </Row>
  <Row
    className="home--footer"
    tag="div"
  >
    <Col
      tag="div"
      widths={
        Array [
          "xs",
          "sm",
          "md",
          "lg",
          "xl",
        ]
      }
      xs={6}
    >
      <Button
        block={true}
        color="info"
        tag={[Function]}
        to="/buy"
      />
    </Col>
    <Col
      tag="div"
      widths={
        Array [
          "xs",
          "sm",
          "md",
          "lg",
          "xl",
        ]
      }
      xs={6}
    >
      <Button
        block={true}
        color="info"
        tag={[Function]}
        to="/sell"
      />
    </Col>
  </Row>
</div>
`;
