// Jest Snapshot v1, https://goo.gl/fbAQLP

exports[`SellerPosition should render correctly 1`] = `
<Fragment>
  <h2
    className="mb-4"
  >
    What location do you want to display
  </h2>
  <Form
    tag="form"
  >
    <FormGroup
      tag="div"
    >
      <Input
        id="location"
        name="location"
        onChange={[Function]}
        placeholder="City, Country"
        type="text"
        value=""
      />
    </FormGroup>
    <p
      className="text-muted"
    >
      Enter a location to move to the next page
    </p>
  </Form>
</Fragment>
`;
