// Jest Snapshot v1, https://goo.gl/fbAQLP

exports[`Trades should render correctly 1`] = `
<div
  className="mb-5"
>
  <div
    className="profile-trades-list border-0 pt-0"
  >
    <Row
      className="my-1 border-bottom shadow-sm p-2 mb-3"
      tag="div"
      widths={
        Array [
          "xs",
          "sm",
          "md",
          "lg",
          "xl",
        ]
      }
    >
      <Col
        className="align-self-center pt-3 pb-3 text-center text-muted"
        tag="div"
        widths={
          Array [
            "xs",
            "sm",
            "md",
            "lg",
            "xl",
          ]
        }
      />
    </Row>
  </div>
</div>
`;

exports[`Trades should render when empty 1`] = `
<div
  className="mb-5"
>
  <Card
    body={true}
    className="text-center border-0 text-muted shadow-sm"
    tag="div"
  />
</div>
`;
