// Jest Snapshot v1, https://goo.gl/fbAQLP

exports[`Trades should render correctly 1`] = `
<div
  className="mt-3"
>
  <div>
    <h3
      className="d-inline-block"
    />
  </div>
  <p
    className="text-small text-muted mb-1 clickable"
    onClick={[Function]}
  >
    Show Filters 
    <FontAwesomeIcon
      border={false}
      className=""
      fixedWidth={false}
      flip={null}
      icon={
        Object {
          "icon": Array [
            320,
            512,
            Array [],
            "f0d7",
            "M31.3 192h257.3c17.8 0 26.7 21.5 14.1 34.1L174.1 354.8c-7.8 7.8-20.5 7.8-28.3 0L17.2 226.1C4.6 213.5 13.5 192 31.3 192z",
          ],
          "iconName": "caret-down",
          "prefix": "fas",
        }
      }
      inverse={false}
      listItem={false}
      mask={null}
      pull={null}
      pulse={false}
      rotation={null}
      size={null}
      spin={false}
      symbol={false}
      title=""
      transform={null}
    />
  </p>
  <Card
    body={true}
    className="profile-trades-list py-2 px-3 shadow-sm"
    tag="div"
  >
    <Link
      key="0"
      replace={false}
      to="/escrow/0"
    >
      <Row
        className="my-1 border-bottom"
        tag="div"
      >
        <Col
          className="align-self-center pr-0"
          tag="div"
          widths={
            Array [
              "xs",
              "sm",
              "md",
              "lg",
              "xl",
            ]
          }
          xs="2"
        >
          <Identicon
            className="align-middle rounded-circle topCircle border"
            scale={5}
          />
        </Col>
        <Col
          className="align-self-center"
          tag="div"
          widths={
            Array [
              "xs",
              "sm",
              "md",
              "lg",
              "xl",
            ]
          }
          xs="3"
        >
          <span>
            Name
          </span>
        </Col>
        <Col
          className="align-self-center"
          md={4}
          tag="div"
          widths={
            Array [
              "xs",
              "sm",
              "md",
              "lg",
              "xl",
            ]
          }
          xs="3"
        >
          Sell
           
          0
           
          SNT
        </Col>
        <Col
          className="align-self-center text-center text-success"
          md={3}
          tag="div"
          widths={
            Array [
              "xs",
              "sm",
              "md",
              "lg",
              "xl",
            ]
          }
          xs="4"
        >
          <span
            className="p-1 text-uppercase d-inline text-white rounded-sm text-small nowrap bg-secondary text-black"
          />
        </Col>
      </Row>
    </Link>
  </Card>
</div>
`;

exports[`Trades should render when empty 1`] = `
<div
  className="mt-3"
>
  <div>
    <h3
      className="d-inline-block"
    />
  </div>
  <Card
    body={true}
    className="text-center"
    tag="div"
  />
</div>
`;
